mode: count
law-oa-go/internal/security/api_security.go:15.72,19.2 1 14
law-oa-go/internal/security/api_security.go:22.67,23.30 1 3
law-oa-go/internal/security/api_security.go:23.30,26.3 1 3
law-oa-go/internal/security/api_security.go:30.67,33.2 1 2
law-oa-go/internal/security/api_security.go:36.62,37.45 1 6
law-oa-go/internal/security/api_security.go:37.45,39.3 1 2
law-oa-go/internal/security/api_security.go:42.2,42.68 1 4
law-oa-go/internal/security/api_security.go:42.68,43.26 1 10
law-oa-go/internal/security/api_security.go:43.26,45.4 1 2
law-oa-go/internal/security/api_security.go:48.2,48.14 1 2
law-oa-go/internal/security/api_security.go:52.62,53.45 1 6
law-oa-go/internal/security/api_security.go:53.45,55.3 1 2
law-oa-go/internal/security/api_security.go:58.2,58.68 1 4
law-oa-go/internal/security/api_security.go:58.68,59.26 1 10
law-oa-go/internal/security/api_security.go:59.26,61.4 1 2
law-oa-go/internal/security/api_security.go:64.2,64.14 1 2
law-oa-go/internal/security/api_security.go:68.82,71.2 1 6
law-oa-go/internal/security/api_security.go:74.67,77.2 1 3
law-oa-go/internal/security/api_security.go:80.69,81.38 1 3
law-oa-go/internal/security/api_security.go:81.38,83.3 1 0
law-oa-go/internal/security/api_security.go:86.2,87.64 2 3
law-oa-go/internal/security/api_security.go:87.64,89.3 1 0
law-oa-go/internal/security/api_security.go:92.2,93.21 2 3
law-oa-go/internal/security/api_security.go:93.21,96.3 1 2
law-oa-go/internal/security/api_security.go:98.2,98.21 1 3
law-oa-go/internal/security/api_security.go:98.21,100.3 1 1
law-oa-go/internal/security/api_security.go:103.2,104.16 2 2
law-oa-go/internal/security/api_security.go:104.16,106.3 1 0
law-oa-go/internal/security/api_security.go:109.2,109.37 1 2
law-oa-go/internal/security/api_security.go:113.58,114.30 1 4
law-oa-go/internal/security/api_security.go:114.30,120.36 4 7
law-oa-go/internal/security/api_security.go:120.36,123.4 2 3
law-oa-go/internal/security/api_security.go:125.3,125.11 1 4
law-oa-go/internal/security/audit.go:112.104,123.27 2 14
law-oa-go/internal/security/audit.go:123.27,125.3 1 10
law-oa-go/internal/security/audit.go:127.2,127.16 1 14
law-oa-go/internal/security/audit.go:131.39,132.37 1 10
law-oa-go/internal/security/audit.go:132.37,134.3 1 50
law-oa-go/internal/security/audit.go:138.39,145.6 5 50
law-oa-go/internal/security/audit.go:145.6,146.10 1 31134728
law-oa-go/internal/security/audit.go:147.31,150.43 2 223
law-oa-go/internal/security/audit.go:150.43,154.5 3 2
law-oa-go/internal/security/audit.go:156.18,157.22 1 31217672
law-oa-go/internal/security/audit.go:157.22,160.5 2 23
law-oa-go/internal/security/audit.go:161.4,161.38 1 31192068
law-oa-go/internal/security/audit.go:163.21,165.22 1 5
law-oa-go/internal/security/audit.go:165.22,167.5 1 4
law-oa-go/internal/security/audit.go:168.4,169.10 2 5
law-oa-go/internal/security/audit.go:175.59,177.15 2 29
law-oa-go/internal/security/audit.go:177.15,179.3 1 28
law-oa-go/internal/security/audit.go:181.2,181.26 1 29
law-oa-go/internal/security/audit.go:181.26,182.50 1 0
law-oa-go/internal/security/audit.go:182.50,185.4 2 0
law-oa-go/internal/security/audit.go:188.2,188.24 1 29
law-oa-go/internal/security/audit.go:188.24,189.46 1 0
law-oa-go/internal/security/audit.go:189.46,192.4 2 0
law-oa-go/internal/security/audit.go:195.2,195.34 1 29
law-oa-go/internal/security/audit.go:195.34,197.3 1 5
law-oa-go/internal/security/audit.go:199.2,199.79 1 29
law-oa-go/internal/security/audit.go:203.67,205.15 2 0
law-oa-go/internal/security/audit.go:205.15,207.3 1 0
law-oa-go/internal/security/audit.go:209.2,209.22 1 0
law-oa-go/internal/security/audit.go:209.22,211.3 1 0
law-oa-go/internal/security/audit.go:214.2,214.64 1 0
law-oa-go/internal/security/audit.go:214.64,216.3 1 0
law-oa-go/internal/security/audit.go:218.2,218.12 1 0
law-oa-go/internal/security/audit.go:222.63,224.15 2 0
law-oa-go/internal/security/audit.go:224.15,226.3 1 0
law-oa-go/internal/security/audit.go:230.2,230.12 1 0
law-oa-go/internal/security/audit.go:234.61,235.31 1 5
law-oa-go/internal/security/audit.go:235.31,237.48 1 5
law-oa-go/internal/security/audit.go:237.48,239.4 1 1
law-oa-go/internal/security/audit.go:242.3,242.68 1 5
law-oa-go/internal/security/audit.go:242.68,244.4 1 3
law-oa-go/internal/security/audit.go:247.3,247.32 1 5
law-oa-go/internal/security/audit.go:247.32,249.4 1 2
law-oa-go/internal/security/audit.go:254.64,257.2 1 1
law-oa-go/internal/security/audit.go:260.62,264.27 3 3
law-oa-go/internal/security/audit.go:264.27,265.57 1 0
law-oa-go/internal/security/audit.go:265.57,267.4 1 0
law-oa-go/internal/security/audit.go:267.9,269.4 1 0
law-oa-go/internal/security/audit.go:270.3,270.44 1 0
law-oa-go/internal/security/audit.go:271.8,275.3 2 3
law-oa-go/internal/security/audit.go:278.2,278.16 1 0
law-oa-go/internal/security/audit.go:278.16,280.3 1 0
law-oa-go/internal/security/audit.go:284.65,285.57 1 5
law-oa-go/internal/security/audit.go:285.57,286.35 1 2
law-oa-go/internal/security/audit.go:286.35,288.4 1 2
law-oa-go/internal/security/audit.go:290.2,290.14 1 3
law-oa-go/internal/security/audit.go:294.74,297.2 1 2
law-oa-go/internal/security/audit.go:300.58,302.15 2 225
law-oa-go/internal/security/audit.go:302.15,304.3 1 225
law-oa-go/internal/security/audit.go:306.2,306.30 1 224
law-oa-go/internal/security/audit.go:306.30,308.3 1 1
law-oa-go/internal/security/audit.go:311.2,311.30 1 224
law-oa-go/internal/security/audit.go:311.30,313.3 1 224
law-oa-go/internal/security/audit.go:316.2,316.35 1 223
law-oa-go/internal/security/audit.go:316.35,318.3 1 0
law-oa-go/internal/security/audit.go:321.2,321.9 1 223
law-oa-go/internal/security/audit.go:322.28,324.13 2 224
law-oa-go/internal/security/audit.go:325.10,328.13 2 0
law-oa-go/internal/security/audit.go:333.76,335.27 1 0
law-oa-go/internal/security/audit.go:335.27,337.3 1 0
law-oa-go/internal/security/audit.go:339.2,339.27 1 0
law-oa-go/internal/security/audit.go:339.27,341.3 1 0
law-oa-go/internal/security/audit.go:343.2,343.14 1 0
law-oa-go/internal/security/audit.go:347.56,349.21 2 6
law-oa-go/internal/security/audit.go:349.21,351.3 1 4
law-oa-go/internal/security/audit.go:352.2,352.26 1 2
law-oa-go/internal/security/audit.go:356.56,358.18 1 5
law-oa-go/internal/security/audit.go:358.18,360.3 1 2
law-oa-go/internal/security/audit.go:361.2,361.11 1 3
law-oa-go/internal/security/audit.go:365.134,385.2 2 4
law-oa-go/internal/security/audit.go:388.103,403.2 2 1
law-oa-go/internal/security/audit.go:406.107,420.2 2 1
law-oa-go/internal/security/audit.go:423.123,443.2 2 2
law-oa-go/internal/security/audit.go:446.115,461.2 2 1
law-oa-go/internal/security/audit.go:464.147,480.2 2 1
law-oa-go/internal/security/audit.go:483.107,498.2 2 1
law-oa-go/internal/security/audit.go:501.151,513.2 2 1
law-oa-go/internal/security/audit.go:516.125,536.2 2 3
law-oa-go/internal/security/audit.go:539.121,554.2 2 1
law-oa-go/internal/security/audit.go:557.75,558.24 1 4
law-oa-go/internal/security/audit.go:558.24,560.3 1 3
law-oa-go/internal/security/audit.go:561.2,561.20 1 1
law-oa-go/internal/security/audit.go:565.77,566.40 1 3
law-oa-go/internal/security/audit.go:566.40,568.3 1 0
law-oa-go/internal/security/audit.go:569.2,569.40 1 3
law-oa-go/internal/security/audit.go:569.40,571.3 1 0
law-oa-go/internal/security/audit.go:572.2,572.20 1 3
law-oa-go/internal/security/audit.go:576.83,577.16 1 1
law-oa-go/internal/security/audit.go:578.26,579.24 1 1
law-oa-go/internal/security/audit.go:580.27,581.21 1 0
law-oa-go/internal/security/audit.go:582.10,583.21 1 0
law-oa-go/internal/security/audit.go:588.92,590.15 2 9
law-oa-go/internal/security/audit.go:590.15,592.3 1 9
law-oa-go/internal/security/audit.go:595.2,595.27 1 9
law-oa-go/internal/security/audit.go:595.27,597.3 1 9
law-oa-go/internal/security/audit.go:599.2,605.24 4 0
law-oa-go/internal/security/audit.go:605.24,607.3 1 0
law-oa-go/internal/security/audit.go:608.2,608.27 1 0
law-oa-go/internal/security/audit.go:608.27,610.3 1 0
law-oa-go/internal/security/audit.go:611.2,611.28 1 0
law-oa-go/internal/security/audit.go:611.28,613.3 1 0
law-oa-go/internal/security/audit.go:614.2,614.27 1 0
law-oa-go/internal/security/audit.go:614.27,616.3 1 0
law-oa-go/internal/security/audit.go:617.2,617.32 1 0
law-oa-go/internal/security/audit.go:617.32,619.3 1 0
law-oa-go/internal/security/audit.go:620.2,620.30 1 0
law-oa-go/internal/security/audit.go:620.30,622.3 1 0
law-oa-go/internal/security/audit.go:623.2,623.28 1 0
law-oa-go/internal/security/audit.go:623.28,625.3 1 0
law-oa-go/internal/security/audit.go:628.2,628.50 1 0
law-oa-go/internal/security/audit.go:628.50,630.3 1 0
law-oa-go/internal/security/audit.go:633.2,633.25 1 0
law-oa-go/internal/security/audit.go:633.25,635.32 2 0
law-oa-go/internal/security/audit.go:635.32,637.4 1 0
law-oa-go/internal/security/audit.go:638.3,638.70 1 0
law-oa-go/internal/security/audit.go:639.8,641.3 1 0
law-oa-go/internal/security/audit.go:643.2,643.44 1 0
law-oa-go/internal/security/audit.go:643.44,646.3 2 0
law-oa-go/internal/security/audit.go:649.2,649.50 1 0
law-oa-go/internal/security/audit.go:649.50,651.3 1 0
law-oa-go/internal/security/audit.go:654.2,654.35 1 0
law-oa-go/internal/security/audit.go:654.35,655.32 1 0
law-oa-go/internal/security/audit.go:655.32,657.4 1 0
law-oa-go/internal/security/audit.go:660.2,661.27 2 0
law-oa-go/internal/security/audit.go:665.61,667.2 0 0
law-oa-go/internal/security/audit.go:685.58,686.30 1 1
law-oa-go/internal/security/audit.go:686.30,697.30 5 2
law-oa-go/internal/security/audit.go:697.30,699.21 2 2
law-oa-go/internal/security/audit.go:699.21,701.5 1 0
law-oa-go/internal/security/audit.go:703.4,704.23 2 2
law-oa-go/internal/security/audit.go:704.23,706.5 1 0
law-oa-go/internal/security/audit.go:708.4,716.5 1 2
law-oa-go/internal/security/audit.go:719.3,719.86 1 2
law-oa-go/internal/security/audit.go:724.31,725.29 1 1
law-oa-go/internal/security/audit.go:725.29,727.3 1 1
law-oa-go/internal/security/audit.go:731.63,754.2 14 1
law-oa-go/internal/security/config.go:161.91,167.2 1 0
law-oa-go/internal/security/config.go:170.45,182.58 6 0
law-oa-go/internal/security/config.go:182.58,184.41 2 0
law-oa-go/internal/security/config.go:184.41,186.4 1 0
law-oa-go/internal/security/config.go:190.2,190.45 1 0
law-oa-go/internal/security/config.go:190.45,192.3 1 0
law-oa-go/internal/security/config.go:195.2,195.51 1 0
law-oa-go/internal/security/config.go:195.51,197.3 1 0
law-oa-go/internal/security/config.go:200.2,200.44 1 0
law-oa-go/internal/security/config.go:200.44,202.3 1 0
law-oa-go/internal/security/config.go:205.2,208.12 3 0
law-oa-go/internal/security/config.go:212.45,217.44 3 0
law-oa-go/internal/security/config.go:217.44,219.3 1 0
law-oa-go/internal/security/config.go:222.2,223.16 2 0
law-oa-go/internal/security/config.go:223.16,225.3 1 0
law-oa-go/internal/security/config.go:228.2,228.64 1 0
law-oa-go/internal/security/config.go:228.64,230.3 1 0
law-oa-go/internal/security/config.go:233.2,236.12 3 0
law-oa-go/internal/security/config.go:240.54,246.71 4 0
law-oa-go/internal/security/config.go:246.71,248.3 1 0
law-oa-go/internal/security/config.go:251.2,251.18 1 0
law-oa-go/internal/security/config.go:255.70,263.40 4 0
law-oa-go/internal/security/config.go:263.40,265.3 1 0
law-oa-go/internal/security/config.go:267.2,267.12 1 0
law-oa-go/internal/security/config.go:271.45,364.2 1 0
law-oa-go/internal/security/config.go:367.49,371.36 2 0
law-oa-go/internal/security/config.go:371.36,373.3 1 0
law-oa-go/internal/security/config.go:374.2,374.61 1 0
law-oa-go/internal/security/config.go:374.61,376.3 1 0
law-oa-go/internal/security/config.go:377.2,377.33 1 0
law-oa-go/internal/security/config.go:377.33,379.3 1 0
law-oa-go/internal/security/config.go:382.2,382.92 1 0
law-oa-go/internal/security/config.go:382.92,384.3 1 0
law-oa-go/internal/security/config.go:385.2,385.48 1 0
law-oa-go/internal/security/config.go:385.48,387.3 1 0
law-oa-go/internal/security/config.go:390.2,390.88 1 0
law-oa-go/internal/security/config.go:390.88,392.3 1 0
law-oa-go/internal/security/config.go:393.2,393.44 1 0
law-oa-go/internal/security/config.go:393.44,395.3 1 0
law-oa-go/internal/security/config.go:398.2,398.46 1 0
law-oa-go/internal/security/config.go:398.46,400.3 1 0
law-oa-go/internal/security/config.go:401.2,401.81 1 0
law-oa-go/internal/security/config.go:401.81,403.3 1 0
law-oa-go/internal/security/config.go:404.2,404.47 1 0
law-oa-go/internal/security/config.go:404.47,406.3 1 0
law-oa-go/internal/security/config.go:409.2,409.67 1 0
law-oa-go/internal/security/config.go:409.67,411.3 1 0
law-oa-go/internal/security/config.go:412.2,412.37 1 0
law-oa-go/internal/security/config.go:412.37,414.3 1 0
law-oa-go/internal/security/config.go:417.2,417.78 1 0
law-oa-go/internal/security/config.go:417.78,419.3 1 0
law-oa-go/internal/security/config.go:422.2,422.44 1 0
law-oa-go/internal/security/config.go:422.44,424.3 1 0
law-oa-go/internal/security/config.go:425.2,425.40 1 0
law-oa-go/internal/security/config.go:425.40,427.3 1 0
law-oa-go/internal/security/config.go:429.2,429.12 1 0
law-oa-go/internal/security/config.go:433.40,434.21 1 0
law-oa-go/internal/security/config.go:434.21,436.3 1 0
law-oa-go/internal/security/config.go:440.43,443.40 3 0
law-oa-go/internal/security/config.go:443.40,445.20 1 0
law-oa-go/internal/security/config.go:445.20,447.4 1 0
law-oa-go/internal/security/config.go:448.8,450.20 1 0
law-oa-go/internal/security/config.go:450.20,452.4 1 0
law-oa-go/internal/security/config.go:454.2,454.18 1 0
law-oa-go/internal/security/config.go:458.47,463.2 3 0
law-oa-go/internal/security/config.go:466.51,470.2 3 0
law-oa-go/internal/security/config.go:473.65,477.2 3 0
law-oa-go/internal/security/config.go:480.67,484.2 3 0
law-oa-go/internal/security/config.go:487.53,491.2 3 0
law-oa-go/internal/security/config.go:494.58,498.2 3 0
law-oa-go/internal/security/config.go:501.53,505.2 3 0
law-oa-go/internal/security/config.go:508.65,512.2 3 0
law-oa-go/internal/security/config.go:515.57,520.2 3 0
law-oa-go/internal/security/config.go:523.58,528.57 4 0
law-oa-go/internal/security/config.go:528.57,530.3 1 0
law-oa-go/internal/security/config.go:532.2,534.24 2 0
law-oa-go/internal/security/config.go:538.49,544.2 4 0
law-oa-go/internal/security/encryption.go:69.128,77.45 2 17
law-oa-go/internal/security/encryption.go:77.45,79.3 1 0
law-oa-go/internal/security/encryption.go:82.2,82.46 1 17
law-oa-go/internal/security/encryption.go:82.46,84.3 1 0
law-oa-go/internal/security/encryption.go:86.2,86.21 1 17
law-oa-go/internal/security/encryption.go:90.48,91.27 1 17
law-oa-go/internal/security/encryption.go:91.27,94.43 2 16
law-oa-go/internal/security/encryption.go:94.43,96.4 1 0
law-oa-go/internal/security/encryption.go:97.3,97.17 1 16
law-oa-go/internal/security/encryption.go:98.8,101.17 2 1
law-oa-go/internal/security/encryption.go:101.17,103.4 1 0
law-oa-go/internal/security/encryption.go:104.3,104.28 1 1
law-oa-go/internal/security/encryption.go:104.28,106.4 1 0
law-oa-go/internal/security/encryption.go:107.3,107.24 1 1
law-oa-go/internal/security/encryption.go:110.2,110.12 1 17
law-oa-go/internal/security/encryption.go:114.49,115.65 1 17
law-oa-go/internal/security/encryption.go:115.65,118.17 2 17
law-oa-go/internal/security/encryption.go:118.17,120.4 1 0
law-oa-go/internal/security/encryption.go:121.3,122.41 2 17
law-oa-go/internal/security/encryption.go:123.8,126.17 2 0
law-oa-go/internal/security/encryption.go:126.17,128.4 1 0
law-oa-go/internal/security/encryption.go:129.3,132.17 3 0
law-oa-go/internal/security/encryption.go:132.17,134.4 1 0
law-oa-go/internal/security/encryption.go:135.3,135.29 1 0
law-oa-go/internal/security/encryption.go:138.2,138.12 1 17
law-oa-go/internal/security/encryption.go:142.85,144.18 2 0
law-oa-go/internal/security/encryption.go:144.18,146.3 1 0
law-oa-go/internal/security/encryption.go:148.2,149.16 2 0
law-oa-go/internal/security/encryption.go:149.16,151.3 1 0
law-oa-go/internal/security/encryption.go:153.2,153.24 1 0
law-oa-go/internal/security/encryption.go:157.83,159.18 2 0
law-oa-go/internal/security/encryption.go:159.18,161.3 1 0
law-oa-go/internal/security/encryption.go:163.2,164.16 2 0
law-oa-go/internal/security/encryption.go:164.16,166.3 1 0
law-oa-go/internal/security/encryption.go:168.2,169.9 2 0
law-oa-go/internal/security/encryption.go:169.9,171.3 1 0
law-oa-go/internal/security/encryption.go:173.2,173.26 1 0
law-oa-go/internal/security/encryption.go:177.74,179.15 2 15
law-oa-go/internal/security/encryption.go:179.15,182.3 2 15
law-oa-go/internal/security/encryption.go:184.2,185.16 2 15
law-oa-go/internal/security/encryption.go:185.16,188.3 2 0
law-oa-go/internal/security/encryption.go:190.2,191.16 2 15
law-oa-go/internal/security/encryption.go:191.16,194.3 2 0
law-oa-go/internal/security/encryption.go:196.2,197.43 2 15
law-oa-go/internal/security/encryption.go:197.43,200.3 2 0
law-oa-go/internal/security/encryption.go:202.2,203.59 2 15
law-oa-go/internal/security/encryption.go:207.75,209.15 2 14
law-oa-go/internal/security/encryption.go:209.15,212.3 2 14
law-oa-go/internal/security/encryption.go:214.2,215.16 2 14
law-oa-go/internal/security/encryption.go:215.16,218.3 2 2
law-oa-go/internal/security/encryption.go:220.2,221.16 2 12
law-oa-go/internal/security/encryption.go:221.16,224.3 2 0
law-oa-go/internal/security/encryption.go:226.2,227.16 2 12
law-oa-go/internal/security/encryption.go:227.16,230.3 2 0
law-oa-go/internal/security/encryption.go:232.2,233.27 2 12
law-oa-go/internal/security/encryption.go:233.27,236.3 2 0
law-oa-go/internal/security/encryption.go:238.2,240.16 3 12
law-oa-go/internal/security/encryption.go:240.16,243.3 2 1
law-oa-go/internal/security/encryption.go:245.2,245.31 1 11
law-oa-go/internal/security/encryption.go:249.74,251.15 2 4
law-oa-go/internal/security/encryption.go:251.15,254.3 2 4
law-oa-go/internal/security/encryption.go:256.2,257.16 2 4
law-oa-go/internal/security/encryption.go:257.16,260.3 2 0
law-oa-go/internal/security/encryption.go:262.2,262.59 1 4
law-oa-go/internal/security/encryption.go:266.75,268.15 2 4
law-oa-go/internal/security/encryption.go:268.15,271.3 2 4
law-oa-go/internal/security/encryption.go:273.2,274.16 2 4
law-oa-go/internal/security/encryption.go:274.16,277.3 2 0
law-oa-go/internal/security/encryption.go:279.2,280.16 2 4
law-oa-go/internal/security/encryption.go:280.16,283.3 2 0
law-oa-go/internal/security/encryption.go:285.2,285.31 1 4
law-oa-go/internal/security/encryption.go:289.75,291.15 2 5
law-oa-go/internal/security/encryption.go:291.15,294.3 2 5
law-oa-go/internal/security/encryption.go:297.2,298.43 2 5
law-oa-go/internal/security/encryption.go:298.43,301.3 2 0
law-oa-go/internal/security/encryption.go:303.2,304.16 2 5
law-oa-go/internal/security/encryption.go:304.16,307.3 2 0
law-oa-go/internal/security/encryption.go:310.2,311.16 2 5
law-oa-go/internal/security/encryption.go:311.16,314.3 2 0
law-oa-go/internal/security/encryption.go:317.2,317.52 1 5
law-oa-go/internal/security/encryption.go:321.81,323.15 2 10
law-oa-go/internal/security/encryption.go:323.15,326.3 2 10
law-oa-go/internal/security/encryption.go:328.2,329.21 2 10
law-oa-go/internal/security/encryption.go:329.21,332.3 2 1
law-oa-go/internal/security/encryption.go:334.2,335.16 2 9
law-oa-go/internal/security/encryption.go:335.16,338.3 2 1
law-oa-go/internal/security/encryption.go:340.2,344.16 3 8
law-oa-go/internal/security/encryption.go:344.16,347.3 2 0
law-oa-go/internal/security/encryption.go:350.2,351.16 2 8
law-oa-go/internal/security/encryption.go:351.16,354.3 2 4
law-oa-go/internal/security/encryption.go:356.2,356.18 1 4
law-oa-go/internal/security/encryption.go:360.90,361.71 1 9
law-oa-go/internal/security/encryption.go:361.71,363.3 1 3
law-oa-go/internal/security/encryption.go:365.2,366.15 2 6
law-oa-go/internal/security/encryption.go:366.15,369.3 2 6
law-oa-go/internal/security/encryption.go:371.2,371.28 1 6
law-oa-go/internal/security/encryption.go:375.90,376.71 1 9
law-oa-go/internal/security/encryption.go:376.71,378.3 1 3
law-oa-go/internal/security/encryption.go:380.2,381.15 2 6
law-oa-go/internal/security/encryption.go:381.15,384.3 2 6
law-oa-go/internal/security/encryption.go:386.2,386.28 1 6
law-oa-go/internal/security/encryption.go:390.69,391.49 1 16
law-oa-go/internal/security/encryption.go:391.49,392.25 1 36
law-oa-go/internal/security/encryption.go:392.25,394.4 1 12
law-oa-go/internal/security/encryption.go:396.2,396.14 1 4
law-oa-go/internal/security/encryption.go:400.63,402.15 2 1
law-oa-go/internal/security/encryption.go:402.15,405.3 2 1
law-oa-go/internal/security/encryption.go:407.2,408.42 2 1
law-oa-go/internal/security/encryption.go:408.42,411.3 2 0
law-oa-go/internal/security/encryption.go:413.2,413.34 1 1
law-oa-go/internal/security/encryption.go:417.88,419.15 2 4
law-oa-go/internal/security/encryption.go:419.15,422.3 2 4
law-oa-go/internal/security/encryption.go:424.2,426.19 2 4
law-oa-go/internal/security/encryption.go:427.16,428.24 1 2
law-oa-go/internal/security/encryption.go:429.16,430.24 1 1
law-oa-go/internal/security/encryption.go:431.10,433.69 2 1
law-oa-go/internal/security/encryption.go:436.2,437.49 2 3
law-oa-go/internal/security/encryption.go:441.74,442.37 1 1
law-oa-go/internal/security/encryption.go:442.37,444.3 1 0
law-oa-go/internal/security/encryption.go:446.2,447.15 2 1
law-oa-go/internal/security/encryption.go:447.15,449.3 1 1
law-oa-go/internal/security/encryption.go:452.2,452.26 1 1
law-oa-go/internal/security/encryption.go:452.26,454.17 2 1
law-oa-go/internal/security/encryption.go:454.17,456.4 1 0
law-oa-go/internal/security/encryption.go:457.3,457.29 1 1
law-oa-go/internal/security/encryption.go:460.2,460.26 1 1
law-oa-go/internal/security/encryption.go:460.26,462.17 2 1
law-oa-go/internal/security/encryption.go:462.17,464.4 1 0
law-oa-go/internal/security/encryption.go:465.3,465.29 1 1
law-oa-go/internal/security/encryption.go:469.2,469.26 1 1
law-oa-go/internal/security/encryption.go:469.26,471.17 2 1
law-oa-go/internal/security/encryption.go:471.17,473.4 1 0
law-oa-go/internal/security/encryption.go:474.3,474.29 1 1
law-oa-go/internal/security/encryption.go:477.2,477.12 1 1
law-oa-go/internal/security/encryption.go:481.74,482.37 1 1
law-oa-go/internal/security/encryption.go:482.37,484.3 1 0
law-oa-go/internal/security/encryption.go:486.2,487.15 2 1
law-oa-go/internal/security/encryption.go:487.15,489.3 1 1
law-oa-go/internal/security/encryption.go:492.2,492.26 1 1
law-oa-go/internal/security/encryption.go:492.26,494.17 2 1
law-oa-go/internal/security/encryption.go:494.17,496.4 1 0
law-oa-go/internal/security/encryption.go:497.3,497.29 1 1
law-oa-go/internal/security/encryption.go:500.2,500.26 1 1
law-oa-go/internal/security/encryption.go:500.26,502.17 2 1
law-oa-go/internal/security/encryption.go:502.17,504.4 1 0
law-oa-go/internal/security/encryption.go:505.3,505.29 1 1
law-oa-go/internal/security/encryption.go:509.2,509.26 1 1
law-oa-go/internal/security/encryption.go:509.26,511.17 2 1
law-oa-go/internal/security/encryption.go:511.17,513.4 1 0
law-oa-go/internal/security/encryption.go:514.3,514.29 1 1
law-oa-go/internal/security/encryption.go:517.2,517.12 1 1
law-oa-go/internal/security/encryption.go:521.64,532.38 3 6
law-oa-go/internal/security/encryption.go:532.38,534.3 1 18
law-oa-go/internal/security/encryption.go:536.2,536.37 1 6
law-oa-go/internal/security/encryption.go:540.77,542.15 2 5
law-oa-go/internal/security/encryption.go:542.15,545.3 2 5
law-oa-go/internal/security/encryption.go:547.2,547.17 1 5
law-oa-go/internal/security/encryption.go:547.17,549.3 1 1
law-oa-go/internal/security/encryption.go:551.2,552.44 2 5
law-oa-go/internal/security/encryption.go:552.44,555.3 2 0
law-oa-go/internal/security/encryption.go:557.2,557.39 1 5
law-oa-go/internal/security/encryption.go:561.47,563.15 2 1
law-oa-go/internal/security/encryption.go:563.15,566.3 2 1
law-oa-go/internal/security/encryption.go:569.2,570.45 2 1
law-oa-go/internal/security/encryption.go:570.45,573.3 2 0
law-oa-go/internal/security/encryption.go:575.2,578.27 2 1
law-oa-go/internal/security/encryption.go:578.27,580.3 1 0
law-oa-go/internal/security/encryption.go:585.2,585.12 1 1
law-oa-go/internal/security/encryption.go:589.56,592.2 2 3
law-oa-go/internal/security/encryption.go:595.74,603.2 1 1
law-oa-go/internal/security/jwt_key_manager.go:88.151,91.18 2 4
law-oa-go/internal/security/jwt_key_manager.go:91.18,93.3 1 0
law-oa-go/internal/security/jwt_key_manager.go:95.2,95.22 1 4
law-oa-go/internal/security/jwt_key_manager.go:95.22,97.3 1 4
law-oa-go/internal/security/jwt_key_manager.go:99.2,113.16 3 4
law-oa-go/internal/security/jwt_key_manager.go:117.135,119.15 2 2
law-oa-go/internal/security/jwt_key_manager.go:119.15,121.3 1 2
law-oa-go/internal/security/jwt_key_manager.go:123.2,139.16 10 2
law-oa-go/internal/security/jwt_key_manager.go:139.16,142.3 2 0
law-oa-go/internal/security/jwt_key_manager.go:145.2,146.16 2 2
law-oa-go/internal/security/jwt_key_manager.go:146.16,149.3 2 0
law-oa-go/internal/security/jwt_key_manager.go:151.2,164.16 9 2
law-oa-go/internal/security/jwt_key_manager.go:164.16,167.3 2 0
law-oa-go/internal/security/jwt_key_manager.go:170.2,171.16 2 2
law-oa-go/internal/security/jwt_key_manager.go:171.16,174.3 2 0
law-oa-go/internal/security/jwt_key_manager.go:177.2,191.16 4 2
law-oa-go/internal/security/jwt_key_manager.go:191.16,194.3 1 2
law-oa-go/internal/security/jwt_key_manager.go:196.2,199.16 3 2
law-oa-go/internal/security/jwt_key_manager.go:203.157,229.2 4 4
law-oa-go/internal/security/jwt_key_manager.go:232.104,234.15 2 1
law-oa-go/internal/security/jwt_key_manager.go:234.15,237.3 2 1
law-oa-go/internal/security/jwt_key_manager.go:240.2,240.83 1 1
law-oa-go/internal/security/jwt_key_manager.go:240.83,241.58 1 1
law-oa-go/internal/security/jwt_key_manager.go:241.58,243.4 1 0
law-oa-go/internal/security/jwt_key_manager.go:244.3,244.32 1 1
law-oa-go/internal/security/jwt_key_manager.go:247.2,247.31 1 1
law-oa-go/internal/security/jwt_key_manager.go:247.31,248.53 1 1
law-oa-go/internal/security/jwt_key_manager.go:248.53,250.4 1 1
law-oa-go/internal/security/jwt_key_manager.go:254.2,257.46 3 0
law-oa-go/internal/security/jwt_key_manager.go:257.46,258.50 1 0
law-oa-go/internal/security/jwt_key_manager.go:258.50,259.12 1 0
law-oa-go/internal/security/jwt_key_manager.go:262.3,262.84 1 0
law-oa-go/internal/security/jwt_key_manager.go:262.84,263.59 1 0
law-oa-go/internal/security/jwt_key_manager.go:263.59,265.5 1 0
law-oa-go/internal/security/jwt_key_manager.go:266.4,266.22 1 0
law-oa-go/internal/security/jwt_key_manager.go:269.3,269.32 1 0
law-oa-go/internal/security/jwt_key_manager.go:269.32,270.54 1 0
law-oa-go/internal/security/jwt_key_manager.go:270.54,272.86 1 0
law-oa-go/internal/security/jwt_key_manager.go:272.86,274.6 1 0
law-oa-go/internal/security/jwt_key_manager.go:279.2,280.41 2 0
law-oa-go/internal/security/jwt_key_manager.go:284.112,286.16 2 0
law-oa-go/internal/security/jwt_key_manager.go:286.16,288.3 1 0
law-oa-go/internal/security/jwt_key_manager.go:290.2,291.9 2 0
law-oa-go/internal/security/jwt_key_manager.go:291.9,293.3 1 0
law-oa-go/internal/security/jwt_key_manager.go:295.2,296.9 2 0
law-oa-go/internal/security/jwt_key_manager.go:296.9,298.3 1 0
law-oa-go/internal/security/jwt_key_manager.go:300.2,301.9 2 0
law-oa-go/internal/security/jwt_key_manager.go:301.9,303.3 1 0
law-oa-go/internal/security/jwt_key_manager.go:305.2,306.9 2 0
law-oa-go/internal/security/jwt_key_manager.go:306.9,308.3 1 0
law-oa-go/internal/security/jwt_key_manager.go:310.2,311.9 2 0
law-oa-go/internal/security/jwt_key_manager.go:311.9,313.3 1 0
law-oa-go/internal/security/jwt_key_manager.go:315.2,316.9 2 0
law-oa-go/internal/security/jwt_key_manager.go:316.9,318.3 1 0
law-oa-go/internal/security/jwt_key_manager.go:320.2,321.9 2 0
law-oa-go/internal/security/jwt_key_manager.go:321.9,323.3 1 0
law-oa-go/internal/security/jwt_key_manager.go:325.2,326.9 2 0
law-oa-go/internal/security/jwt_key_manager.go:326.9,328.3 1 0
law-oa-go/internal/security/jwt_key_manager.go:330.2,331.9 2 0
law-oa-go/internal/security/jwt_key_manager.go:331.9,333.3 1 0
law-oa-go/internal/security/jwt_key_manager.go:335.2,336.9 2 0
law-oa-go/internal/security/jwt_key_manager.go:336.9,338.3 1 0
law-oa-go/internal/security/jwt_key_manager.go:340.2,341.9 2 0
law-oa-go/internal/security/jwt_key_manager.go:341.9,343.3 1 0
law-oa-go/internal/security/jwt_key_manager.go:345.2,356.8 1 0
law-oa-go/internal/security/jwt_key_manager.go:360.65,365.55 3 1
law-oa-go/internal/security/jwt_key_manager.go:365.55,367.3 1 0
law-oa-go/internal/security/jwt_key_manager.go:370.2,389.29 10 1
law-oa-go/internal/security/jwt_key_manager.go:389.29,390.39 1 0
law-oa-go/internal/security/jwt_key_manager.go:390.39,391.81 1 0
law-oa-go/internal/security/jwt_key_manager.go:391.81,393.5 1 0
law-oa-go/internal/security/jwt_key_manager.go:397.2,402.12 3 1
law-oa-go/internal/security/jwt_key_manager.go:406.57,408.2 1 3
law-oa-go/internal/security/jwt_key_manager.go:411.49,413.40 2 5
law-oa-go/internal/security/jwt_key_manager.go:413.40,414.69 1 0
law-oa-go/internal/security/jwt_key_manager.go:416.2,416.30 1 5
law-oa-go/internal/security/jwt_key_manager.go:420.28,422.40 2 4
law-oa-go/internal/security/jwt_key_manager.go:422.40,423.56 1 0
law-oa-go/internal/security/jwt_key_manager.go:425.2,425.30 1 4
law-oa-go/internal/security/jwt_key_manager.go:429.130,431.16 2 0
law-oa-go/internal/security/jwt_key_manager.go:431.16,433.3 1 0
law-oa-go/internal/security/jwt_key_manager.go:436.2,436.35 1 0
law-oa-go/internal/security/jwt_key_manager.go:436.35,438.3 1 0
law-oa-go/internal/security/jwt_key_manager.go:441.2,441.25 1 0
law-oa-go/internal/security/jwt_key_manager.go:441.25,443.3 1 0
law-oa-go/internal/security/jwt_key_manager.go:446.2,446.28 1 0
law-oa-go/internal/security/jwt_key_manager.go:446.28,448.38 2 0
law-oa-go/internal/security/jwt_key_manager.go:448.38,449.28 1 0
law-oa-go/internal/security/jwt_key_manager.go:449.28,451.10 2 0
law-oa-go/internal/security/jwt_key_manager.go:454.3,454.15 1 0
law-oa-go/internal/security/jwt_key_manager.go:454.15,456.4 1 0
law-oa-go/internal/security/jwt_key_manager.go:460.2,462.16 3 0
law-oa-go/internal/security/jwt_key_manager.go:462.16,464.3 1 0
law-oa-go/internal/security/jwt_key_manager.go:466.2,466.21 1 0
law-oa-go/internal/security/jwt_key_manager.go:470.42,474.2 1 0
law-oa-go/internal/security/jwt_key_manager.go:477.106,479.15 2 0
law-oa-go/internal/security/jwt_key_manager.go:479.15,481.3 1 0
law-oa-go/internal/security/jwt_key_manager.go:484.2,485.16 2 0
law-oa-go/internal/security/jwt_key_manager.go:485.16,488.3 2 0
law-oa-go/internal/security/jwt_key_manager.go:491.2,492.35 2 0
law-oa-go/internal/security/jwt_key_manager.go:492.35,495.3 2 0
law-oa-go/internal/security/jwt_key_manager.go:498.2,499.9 2 0
law-oa-go/internal/security/jwt_key_manager.go:499.9,502.3 2 0
law-oa-go/internal/security/jwt_key_manager.go:504.2,505.9 2 0
law-oa-go/internal/security/jwt_key_manager.go:505.9,508.3 2 0
law-oa-go/internal/security/jwt_key_manager.go:511.2,513.16 3 0
law-oa-go/internal/security/jwt_key_manager.go:513.16,516.3 2 0
law-oa-go/internal/security/jwt_key_manager.go:519.2,530.49 5 0
law-oa-go/internal/security/jwt_key_manager.go:534.86,536.15 2 0
law-oa-go/internal/security/jwt_key_manager.go:536.15,538.3 1 0
law-oa-go/internal/security/jwt_key_manager.go:540.2,541.16 2 0
law-oa-go/internal/security/jwt_key_manager.go:541.16,543.3 1 0
law-oa-go/internal/security/jwt_key_manager.go:545.2,546.9 2 0
law-oa-go/internal/security/jwt_key_manager.go:546.9,548.3 1 0
law-oa-go/internal/security/jwt_key_manager.go:550.2,551.9 2 0
law-oa-go/internal/security/jwt_key_manager.go:551.9,553.3 1 0
law-oa-go/internal/security/jwt_key_manager.go:555.2,556.9 2 0
law-oa-go/internal/security/jwt_key_manager.go:556.9,558.3 1 0
law-oa-go/internal/security/jwt_key_manager.go:560.2,561.19 2 0
law-oa-go/internal/security/jwt_key_manager.go:562.16,563.57 1 0
law-oa-go/internal/security/jwt_key_manager.go:564.17,565.58 1 0
law-oa-go/internal/security/jwt_key_manager.go:566.10,567.42 1 0
law-oa-go/internal/security/jwt_key_manager.go:571.2,572.16 2 0
law-oa-go/internal/security/jwt_key_manager.go:572.16,574.3 1 0
law-oa-go/internal/security/jwt_key_manager.go:576.2,576.12 1 0
law-oa-go/internal/security/jwt_key_manager.go:580.87,582.15 2 0
law-oa-go/internal/security/jwt_key_manager.go:582.15,584.3 1 0
law-oa-go/internal/security/jwt_key_manager.go:586.2,588.16 3 0
law-oa-go/internal/security/jwt_key_manager.go:588.16,590.3 1 0
law-oa-go/internal/security/jwt_key_manager.go:592.2,592.19 1 0
law-oa-go/internal/security/jwt_key_manager.go:592.19,594.17 2 0
law-oa-go/internal/security/jwt_key_manager.go:594.17,596.4 1 0
law-oa-go/internal/security/jwt_key_manager.go:600.2,602.16 3 0
law-oa-go/internal/security/jwt_key_manager.go:602.16,604.3 1 0
law-oa-go/internal/security/jwt_key_manager.go:606.2,606.25 1 0
law-oa-go/internal/security/jwt_key_manager.go:606.25,608.17 2 0
law-oa-go/internal/security/jwt_key_manager.go:608.17,610.4 1 0
law-oa-go/internal/security/jwt_key_manager.go:613.2,613.12 1 0
law-oa-go/internal/security/jwt_key_manager.go:617.92,619.16 2 0
law-oa-go/internal/security/jwt_key_manager.go:619.16,621.3 1 0
law-oa-go/internal/security/jwt_key_manager.go:623.2,625.19 3 0
law-oa-go/internal/security/jwt_key_manager.go:629.108,631.16 2 0
law-oa-go/internal/security/jwt_key_manager.go:631.16,633.3 1 0
law-oa-go/internal/security/jwt_key_manager.go:635.2,637.16 3 0
law-oa-go/internal/security/jwt_key_manager.go:637.16,639.3 1 0
law-oa-go/internal/security/jwt_key_manager.go:641.2,641.12 1 0
law-oa-go/internal/security/jwt_key_manager.go:645.64,656.2 3 0
law-oa-go/internal/security/rate_limiter.go:64.88,75.43 2 7
law-oa-go/internal/security/rate_limiter.go:75.43,77.3 1 3
law-oa-go/internal/security/rate_limiter.go:80.2,92.16 3 7
law-oa-go/internal/security/rate_limiter.go:96.53,97.30 1 3
law-oa-go/internal/security/rate_limiter.go:97.30,98.33 1 7
law-oa-go/internal/security/rate_limiter.go:98.33,101.4 2 0
law-oa-go/internal/security/rate_limiter.go:104.3,109.35 4 7
law-oa-go/internal/security/rate_limiter.go:109.35,112.4 2 3
law-oa-go/internal/security/rate_limiter.go:115.3,115.35 1 4
law-oa-go/internal/security/rate_limiter.go:115.35,118.4 2 1
law-oa-go/internal/security/rate_limiter.go:121.3,121.54 1 3
law-oa-go/internal/security/rate_limiter.go:121.54,123.4 1 2
law-oa-go/internal/security/rate_limiter.go:125.3,125.11 1 1
law-oa-go/internal/security/rate_limiter.go:130.59,132.66 1 8
law-oa-go/internal/security/rate_limiter.go:132.66,135.19 2 1
law-oa-go/internal/security/rate_limiter.go:135.19,137.4 1 1
law-oa-go/internal/security/rate_limiter.go:141.2,141.54 1 7
law-oa-go/internal/security/rate_limiter.go:141.54,143.3 1 0
law-oa-go/internal/security/rate_limiter.go:146.2,147.50 2 7
law-oa-go/internal/security/rate_limiter.go:147.50,150.17 2 1
law-oa-go/internal/security/rate_limiter.go:150.17,152.4 1 1
law-oa-go/internal/security/rate_limiter.go:152.9,154.4 1 0
law-oa-go/internal/security/rate_limiter.go:156.2,156.17 1 7
law-oa-go/internal/security/rate_limiter.go:160.57,161.48 1 7
law-oa-go/internal/security/rate_limiter.go:161.48,162.34 1 0
law-oa-go/internal/security/rate_limiter.go:162.34,164.4 1 0
law-oa-go/internal/security/rate_limiter.go:166.2,166.11 1 7
law-oa-go/internal/security/rate_limiter.go:170.56,176.2 4 7
law-oa-go/internal/security/rate_limiter.go:179.56,184.53 3 4
law-oa-go/internal/security/rate_limiter.go:184.53,186.3 1 1
law-oa-go/internal/security/rate_limiter.go:189.2,189.63 1 3
law-oa-go/internal/security/rate_limiter.go:189.63,191.59 2 0
law-oa-go/internal/security/rate_limiter.go:191.59,193.4 1 0
law-oa-go/internal/security/rate_limiter.go:196.2,196.14 1 3
law-oa-go/internal/security/rate_limiter.go:200.87,211.16 5 3
law-oa-go/internal/security/rate_limiter.go:211.16,215.3 2 0
law-oa-go/internal/security/rate_limiter.go:218.2,220.14 2 3
law-oa-go/internal/security/rate_limiter.go:220.14,224.3 3 2
law-oa-go/internal/security/rate_limiter.go:227.2,230.13 3 1
law-oa-go/internal/security/rate_limiter.go:234.80,236.57 1 4
law-oa-go/internal/security/rate_limiter.go:236.57,238.3 1 0
law-oa-go/internal/security/rate_limiter.go:241.2,241.18 1 4
law-oa-go/internal/security/rate_limiter.go:241.18,242.52 1 0
law-oa-go/internal/security/rate_limiter.go:242.52,244.4 1 0
law-oa-go/internal/security/rate_limiter.go:248.2,252.3 1 4
law-oa-go/internal/security/rate_limiter.go:256.81,257.18 1 7
law-oa-go/internal/security/rate_limiter.go:257.18,259.3 1 0
law-oa-go/internal/security/rate_limiter.go:260.2,260.57 1 7
law-oa-go/internal/security/rate_limiter.go:264.122,276.36 5 4
law-oa-go/internal/security/rate_limiter.go:276.36,278.3 1 0
law-oa-go/internal/security/rate_limiter.go:281.2,282.36 2 4
law-oa-go/internal/security/rate_limiter.go:282.36,284.3 1 0
law-oa-go/internal/security/rate_limiter.go:287.2,287.38 1 4
law-oa-go/internal/security/rate_limiter.go:287.38,291.17 3 2
law-oa-go/internal/security/rate_limiter.go:291.17,293.4 1 0
law-oa-go/internal/security/rate_limiter.go:295.3,303.26 3 2
law-oa-go/internal/security/rate_limiter.go:307.2,308.16 2 2
law-oa-go/internal/security/rate_limiter.go:308.16,310.3 1 0
law-oa-go/internal/security/rate_limiter.go:313.2,315.16 3 2
law-oa-go/internal/security/rate_limiter.go:315.16,317.3 1 0
law-oa-go/internal/security/rate_limiter.go:319.2,328.24 3 2
law-oa-go/internal/security/rate_limiter.go:332.81,337.2 4 3
law-oa-go/internal/security/rate_limiter.go:340.82,349.2 3 3
law-oa-go/internal/security/rate_limiter.go:352.79,357.16 4 3
law-oa-go/internal/security/rate_limiter.go:357.16,359.3 1 0
law-oa-go/internal/security/rate_limiter.go:361.2,361.27 1 3
law-oa-go/internal/security/rate_limiter.go:365.74,370.2 3 1
law-oa-go/internal/security/rate_limiter.go:373.55,378.2 3 0
law-oa-go/internal/security/rate_limiter.go:381.50,386.2 3 0
law-oa-go/internal/security/rate_limiter.go:389.55,394.2 3 0
law-oa-go/internal/security/rate_limiter.go:397.72,402.2 3 0
law-oa-go/internal/security/rate_limiter.go:405.78,410.2 3 0
law-oa-go/internal/security/rate_limiter.go:413.115,418.16 4 1
law-oa-go/internal/security/rate_limiter.go:418.16,420.3 1 0
law-oa-go/internal/security/rate_limiter.go:422.2,422.18 1 1
law-oa-go/internal/security/rate_limiter.go:426.50,431.41 4 0
law-oa-go/internal/security/rate_limiter.go:431.41,432.24 1 0
law-oa-go/internal/security/rate_limiter.go:432.24,434.4 1 0
law-oa-go/internal/security/rate_limiter.go:439.58,452.2 3 1
law-oa-go/internal/security/rate_limiter.go:455.44,456.12 1 0
law-oa-go/internal/security/rate_limiter.go:456.12,460.22 3 0
law-oa-go/internal/security/rate_limiter.go:460.22,462.4 1 0
law-oa-go/internal/security/test_utils.go:10.51,14.2 1 31
law-oa-go/internal/security/test_utils.go:17.30,20.16 2 17
law-oa-go/internal/security/test_utils.go:20.16,23.3 1 0
law-oa-go/internal/security/test_utils.go:24.2,24.18 1 17
