mode: count
law-oa-go/internal/config/config.go:77.30,79.40 1 6
law-oa-go/internal/config/config.go:79.40,82.3 1 6
law-oa-go/internal/config/config.go:85.2,152.33 41 6
law-oa-go/internal/config/config.go:152.33,153.49 1 114
law-oa-go/internal/config/config.go:153.49,155.4 1 0
law-oa-go/internal/config/config.go:159.2,166.45 6 6
law-oa-go/internal/config/config.go:166.45,167.56 1 2
law-oa-go/internal/config/config.go:167.56,169.4 1 0
law-oa-go/internal/config/config.go:172.2,173.49 2 6
law-oa-go/internal/config/config.go:173.49,175.3 1 0
law-oa-go/internal/config/config.go:178.2,178.37 1 6
law-oa-go/internal/config/config.go:178.37,180.3 1 0
law-oa-go/internal/config/config.go:183.2,183.32 1 6
law-oa-go/internal/config/config.go:183.32,185.3 1 0
law-oa-go/internal/config/config.go:188.2,188.29 1 6
law-oa-go/internal/config/config.go:188.29,190.3 1 0
law-oa-go/internal/config/config.go:193.2,193.37 1 6
law-oa-go/internal/config/config.go:193.37,195.3 1 0
law-oa-go/internal/config/config.go:198.2,198.114 1 6
law-oa-go/internal/config/config.go:198.114,201.3 1 3
law-oa-go/internal/config/config.go:204.2,204.42 1 6
law-oa-go/internal/config/config.go:204.42,206.3 1 3
law-oa-go/internal/config/config.go:208.2,208.21 1 3
law-oa-go/internal/config/config.go:212.42,223.2 1 1
law-oa-go/internal/config/config.go:226.40,228.2 1 1
law-oa-go/internal/config/config.go:231.47,233.2 1 1
law-oa-go/internal/config/config.go:236.38,238.2 1 4
law-oa-go/internal/config/config.go:241.39,243.2 1 4
law-oa-go/internal/config/config.go:246.35,247.18 1 3
law-oa-go/internal/config/config.go:247.18,249.3 1 1
law-oa-go/internal/config/config.go:250.2,250.15 1 2
law-oa-go/internal/config/config.go:254.35,256.61 1 6
law-oa-go/internal/config/config.go:256.61,258.3 1 1
law-oa-go/internal/config/config.go:261.2,261.28 1 5
law-oa-go/internal/config/config.go:261.28,263.3 1 1
law-oa-go/internal/config/config.go:266.2,266.85 1 4
law-oa-go/internal/config/config.go:266.85,268.3 1 1
law-oa-go/internal/config/config.go:271.2,271.32 1 3
law-oa-go/internal/config/config.go:271.32,272.56 1 3
law-oa-go/internal/config/config.go:272.56,274.4 1 0
law-oa-go/internal/config/config.go:277.2,277.12 1 3
law-oa-go/internal/config/conflict_detection.go:17.64,29.2 1 0
law-oa-go/internal/config/conflict_detection.go:32.52,33.31 1 3
law-oa-go/internal/config/conflict_detection.go:33.31,35.3 1 0
law-oa-go/internal/config/conflict_detection.go:37.2,37.32 1 3
law-oa-go/internal/config/conflict_detection.go:37.32,39.3 1 0
law-oa-go/internal/config/conflict_detection.go:41.2,41.57 1 3
law-oa-go/internal/config/conflict_detection.go:41.57,43.3 1 0
law-oa-go/internal/config/conflict_detection.go:45.2,45.61 1 3
law-oa-go/internal/config/conflict_detection.go:45.61,47.3 1 0
law-oa-go/internal/config/conflict_detection.go:49.2,49.50 1 3
law-oa-go/internal/config/conflict_detection.go:49.50,51.3 1 0
law-oa-go/internal/config/conflict_detection.go:53.2,53.12 1 3
law-oa-go/internal/config/conflict_detection.go:69.50,71.2 1 4
law-oa-go/internal/config/conflict_detection.go:73.38,75.2 1 0
