mode: count
law-oa-go/internal/common/env.go:9.46,10.42 1 2
law-oa-go/internal/common/env.go:10.42,12.3 1 1
law-oa-go/internal/common/env.go:13.2,13.21 1 1
law-oa-go/internal/common/env.go:17.50,18.42 1 3
law-oa-go/internal/common/env.go:18.42,19.53 1 2
law-oa-go/internal/common/env.go:19.53,21.4 1 1
law-oa-go/internal/common/env.go:23.2,23.21 1 2
law-oa-go/internal/common/env.go:27.53,28.42 1 8
law-oa-go/internal/common/env.go:28.42,29.59 1 7
law-oa-go/internal/common/env.go:29.59,31.4 1 6
law-oa-go/internal/common/env.go:33.2,33.21 1 2
law-oa-go/internal/common/errors.go:48.40,49.18 1 6
law-oa-go/internal/common/errors.go:49.18,51.3 1 5
law-oa-go/internal/common/errors.go:52.2,52.49 1 1
law-oa-go/internal/common/errors.go:55.40,57.2 1 4
law-oa-go/internal/common/errors.go:60.71,66.2 1 5
law-oa-go/internal/common/errors.go:68.65,75.2 1 1
law-oa-go/internal/common/errors.go:77.55,83.2 1 1
law-oa-go/internal/common/errors.go:85.58,91.2 1 1
law-oa-go/internal/common/errors.go:93.55,99.2 1 1
law-oa-go/internal/common/errors.go:101.67,107.2 1 2
law-oa-go/internal/common/errors.go:109.65,115.2 1 1
law-oa-go/internal/common/errors.go:118.38,124.2 1 8
law-oa-go/internal/common/errors.go:126.40,134.2 1 8
law-oa-go/internal/common/errors.go:136.38,139.2 1 3
law-oa-go/internal/common/errors.go:141.42,144.2 1 3
law-oa-go/internal/common/errors.go:146.39,148.2 1 2
law-oa-go/internal/common/errors.go:150.38,152.2 1 2
law-oa-go/internal/common/errors.go:155.61,157.29 2 4
law-oa-go/internal/common/errors.go:157.29,159.3 1 3
law-oa-go/internal/common/errors.go:160.2,160.19 1 1
law-oa-go/internal/common/response.go:72.71,77.2 1 3
law-oa-go/internal/common/response.go:80.68,88.63 2 7
law-oa-go/internal/common/response.go:88.63,90.3 1 1
law-oa-go/internal/common/response.go:92.2,92.13 1 7
law-oa-go/internal/common/response.go:96.70,102.2 1 3
law-oa-go/internal/common/response.go:105.111,113.2 2 1
law-oa-go/internal/common/response.go:116.110,122.22 2 1
law-oa-go/internal/common/response.go:122.22,124.3 1 1
law-oa-go/internal/common/response.go:126.2,130.4 1 1
law-oa-go/internal/common/response.go:134.134,146.2 2 1
law-oa-go/internal/common/response.go:149.128,161.2 2 1
law-oa-go/internal/common/response.go:164.107,168.2 1 0
law-oa-go/internal/common/response.go:171.90,173.2 1 1
law-oa-go/internal/common/response.go:176.92,178.2 1 0
law-oa-go/internal/common/response.go:181.89,183.2 1 0
law-oa-go/internal/common/response.go:186.88,188.2 1 0
law-oa-go/internal/common/response.go:191.99,193.2 1 0
law-oa-go/internal/common/response.go:196.97,207.2 2 4
law-oa-go/internal/common/response.go:213.51,215.2 1 2
law-oa-go/internal/common/response.go:217.92,219.2 1 1
law-oa-go/internal/common/response.go:221.94,223.2 1 0
law-oa-go/internal/common/response.go:225.115,227.2 1 1
law-oa-go/internal/common/response.go:229.109,231.2 1 1
law-oa-go/internal/common/response.go:233.88,235.2 1 0
law-oa-go/internal/common/response.go:237.71,239.2 1 1
law-oa-go/internal/common/response.go:241.73,243.2 1 0
law-oa-go/internal/common/response.go:245.70,247.2 1 0
law-oa-go/internal/common/response.go:249.69,251.2 1 0
law-oa-go/internal/common/response.go:253.80,255.2 1 0
law-oa-go/internal/common/response.go:258.48,264.2 1 3
law-oa-go/internal/common/response.go:266.75,272.2 1 1
law-oa-go/internal/common/response.go:274.85,283.2 1 1
law-oa-go/internal/common/response.go:285.54,290.2 1 9
law-oa-go/internal/common/response.go:292.49,294.2 1 3
law-oa-go/internal/common/response.go:296.51,298.2 1 2
law-oa-go/internal/common/response.go:300.48,302.2 1 1
law-oa-go/internal/common/response.go:304.47,306.2 1 1
law-oa-go/internal/common/response.go:308.58,310.2 1 1
law-oa-go/internal/common/response.go:312.54,314.2 1 1
law-oa-go/internal/common/response.go:317.59,322.2 1 3
law-oa-go/internal/common/response.go:331.63,332.29 1 5
law-oa-go/internal/common/response.go:332.29,334.3 1 1
law-oa-go/internal/common/response.go:335.2,337.15 3 4
law-oa-go/internal/common/response.go:341.43,344.2 2 2
law-oa-go/internal/common/response.go:347.30,350.2 1 1
law-oa-go/internal/common/stream.go:18.42,23.2 1 7
law-oa-go/internal/common/stream.go:26.50,27.9 1 11
law-oa-go/internal/common/stream.go:28.23,28.23 0 11
law-oa-go/internal/common/stream.go:29.17,29.17 0 0
law-oa-go/internal/common/stream.go:34.35,37.2 2 7
law-oa-go/internal/common/stream.go:40.67,44.2 3 2
law-oa-go/internal/common/stream.go:47.63,58.28 7 0
law-oa-go/internal/common/stream.go:58.28,59.13 1 0
law-oa-go/internal/common/stream.go:59.13,61.4 1 0
law-oa-go/internal/common/stream.go:62.3,64.46 2 0
law-oa-go/internal/common/stream.go:64.46,66.4 1 0
law-oa-go/internal/common/stream.go:69.3,69.36 1 0
law-oa-go/internal/common/stream.go:69.36,71.4 1 0
law-oa-go/internal/common/stream.go:74.2,76.35 2 0
law-oa-go/internal/common/stream.go:76.35,78.3 1 0
law-oa-go/internal/common/stream.go:80.2,80.12 1 0
law-oa-go/internal/common/stream.go:84.65,89.12 3 0
law-oa-go/internal/common/stream.go:89.12,90.30 1 0
law-oa-go/internal/common/stream.go:90.30,92.4 1 0
law-oa-go/internal/common/stream.go:95.2,95.35 1 0
law-oa-go/internal/common/stream.go:108.91,116.2 1 2
law-oa-go/internal/common/stream.go:119.59,120.9 1 0
law-oa-go/internal/common/stream.go:121.23,121.23 0 0
law-oa-go/internal/common/stream.go:122.17,122.17 0 0
law-oa-go/internal/common/stream.go:127.44,130.2 2 2
law-oa-go/internal/common/stream.go:133.76,137.2 3 1
law-oa-go/internal/common/stream.go:140.72,154.16 6 0
law-oa-go/internal/common/stream.go:154.16,156.3 1 0
law-oa-go/internal/common/stream.go:158.2,164.28 5 0
law-oa-go/internal/common/stream.go:164.28,165.13 1 0
law-oa-go/internal/common/stream.go:165.13,167.4 1 0
law-oa-go/internal/common/stream.go:168.3,170.46 2 0
law-oa-go/internal/common/stream.go:170.46,172.4 1 0
law-oa-go/internal/common/stream.go:174.3,174.36 1 0
law-oa-go/internal/common/stream.go:174.36,176.4 1 0
law-oa-go/internal/common/stream.go:179.2,181.35 2 0
law-oa-go/internal/common/stream.go:181.35,183.3 1 0
law-oa-go/internal/common/stream.go:185.2,185.12 1 0
law-oa-go/internal/common/stream.go:189.107,193.12 3 0
law-oa-go/internal/common/stream.go:193.12,194.30 1 0
law-oa-go/internal/common/stream.go:194.30,196.4 1 0
law-oa-go/internal/common/stream.go:199.2,199.35 1 0
